Loading logistic_regression...
Scoring full TRAIN-validation for logistic_regression...
  scored 534183 validation rows
  scored 1015447 validation rows
  scored 1539735 validation rows
  scored 2000084 validation rows
  scored 2524372 validation rows
  scored 3012676 validation rows
  scored 3554172 validation rows
  scored 4001215 validation rows
  scored 4514227 validation rows
Loading hist_gradient_boosting...
Scoring full TRAIN-validation for hist_gradient_boosting...
/Users/lframba/cs_projects/iot-pcap-pipeline/.venv/lib/python3.11/site-packages/joblib/externals/loky/backend/context.py:131: UserWarning: Could not find the number of physical cores for the following reason:
invalid literal for int() with base 10: ''
Returning the number of logical cores instead. You can silence this warning by setting LOKY_MAX_CPU_COUNT to the number of cores you want to use.
  warnings.warn(
  File "/Users/lframba/cs_projects/iot-pcap-pipeline/.venv/lib/python3.11/site-packages/joblib/externals/loky/backend/context.py", line 249, in _count_physical_cores
    cpu_count_physical = _count_physical_cores_darwin()
                         ^^^^^^^^^^^^^^^^^^^^^^^^^^^^^^
  File "/Users/lframba/cs_projects/iot-pcap-pipeline/.venv/lib/python3.11/site-packages/joblib/externals/loky/backend/context.py", line 318, in _count_physical_cores_darwin
    return int(cpu_info)
           ^^^^^^^^^^^^^
  scored 534183 validation rows
  scored 1015447 validation rows
  scored 1539735 validation rows
  scored 2000084 validation rows
  scored 2524372 validation rows
  scored 3012676 validation rows
  scored 3554172 validation rows
  scored 4001215 validation rows
  scored 4514227 validation rows
Phase 2B.3A — threshold sweep (no retraining)
status: passed
strategy_version: phase2b3a_v1
validation_rows: 4944060
fixed_thresholds: [0.5, 0.75, 0.85, 0.9, 0.925, 0.94, 0.95, 0.97, 0.98, 0.99, 0.995]
benign_fpr_targets: [0.1, 0.05, 0.02, 0.01, 0.005, 0.001]
logistic_regression: score_s=3.2 sweep_s=0.469
hist_gradient_boosting: score_s=14.1 sweep_s=0.458
fixed: data/modeling/v1/baselines/phase2b3a_v1/comparison_fixed_thresholds.csv
fpr_targets: data/modeling/v1/baselines/phase2b3a_v1/comparison_fpr_targets.csv
next: Review operating-point tables (esp. ~0.94 vs Recon recall and Owltron interaction FPR). Do not freeze a threshold, retrain, or consult TEST without an explicit next-phase decision.

